// Jest Snapshot v1, https://goo.gl/fbAQLP

exports[`<Link/> should render correctly 1`] = `
<a
  href="https://www.google.com"
>
  Link
</a>
`;
